
> neurohq@1.0.0 build
> next build

node.exe : Ô¿» Unable to acquire lock at D:\NEUROHQ\.next\lock, is another instance of next build running?
At C:\Program Files\nodejs\npm.ps1:29 char:3
+   & $NODE_EXE $NPM_CLI_JS $args
+   ~~~~~~~~~~~~~~~~~~~~~~~~~~~~~
    + CategoryInfo          : NotSpecified: (Ô¿» Unable to a... build running?:String) [], RemoteException
    + FullyQualifiedErrorId : NativeCommandError
 
  Suggestion: If you intended to restart next build, terminate the other process, and then try again.
